Flow report for MipsImplementation
Sat Dec 16 21:28:42 2023
Quartus Prime Version 22.1std.2 Build 922 07/20/2023 SC Lite Edition


---------------------
; Table of Contents ;
---------------------
  1. Legal Notice
  2. Flow Summary
  3. Flow Settings
  4. Flow Non-Default Global Settings
  5. Flow Elapsed Time
  6. Flow OS Summary
  7. Flow Log
  8. Flow Messages
  9. Flow Suppressed Messages



----------------
; Legal Notice ;
----------------
Copyright (C) 2023  Intel Corporation. All rights reserved.
Your use of Intel Corporation's design tools, logic functions 
and other software and tools, and any partner logic 
functions, and any output files from any of the foregoing 
(including device programming or simulation files), and any 
associated documentation or information are expressly subject 
to the terms and conditions of the Intel Program License 
Subscription Agreement, the Intel Quartus Prime License Agreement,
the Intel FPGA IP License Agreement, or other applicable license
agreement, including, without limitation, that your use is for
the sole purpose of programming logic devices manufactured by
Intel and sold by Intel or its authorized distributors.  Please
refer to the applicable agreement for further details, at
https://fpgasoftware.intel.com/eula.



+------------------------------------------------------------------------+
; Flow Summary                                                           ;
+-----------------------+------------------------------------------------+
; Flow Status           ; Successful - Sat Dec 16 21:28:42 2023          ;
; Quartus Prime Version ; 22.1std.2 Build 922 07/20/2023 SC Lite Edition ;
; Revision Name         ; MipsImplementation                             ;
; Top-level Entity Name ; mips                                           ;
; Family                ; MAX V                                          ;
; Total logic elements  ; 0 / 40 ( 0 % )                                 ;
; Total pins            ; 2 / 30 ( 7 % )                                 ;
; Total virtual pins    ; 0                                              ;
; UFM blocks            ; 0 / 1 ( 0 % )                                  ;
; Device                ; 5M40ZM64C4                                     ;
; Timing Models         ; Final                                          ;
+-----------------------+------------------------------------------------+


+-----------------------------------------+
; Flow Settings                           ;
+-------------------+---------------------+
; Option            ; Setting             ;
+-------------------+---------------------+
; Start date & time ; 12/16/2023 21:28:25 ;
; Main task         ; Compilation         ;
; Revision Name     ; MipsImplementation  ;
+-------------------+---------------------+


+---------------------------------------------------------------------------------------------------------------------------+
; Flow Non-Default Global Settings                                                                                          ;
+--------------------------------------+--------------------------------+--------------------+-------------+----------------+
; Assignment Name                      ; Value                          ; Default Value      ; Entity Name ; Section Id     ;
+--------------------------------------+--------------------------------+--------------------+-------------+----------------+
; COMPILER_SIGNATURE_ID                ; 35315518826823.170277290536342 ; --                 ; --          ; --             ;
; EDA_DESIGN_INSTANCE_NAME             ; NA                             ; --                 ; --          ; MIPS_TB        ;
; EDA_NATIVELINK_SIMULATION_TEST_BENCH ; MIPS_TB                        ; --                 ; --          ; eda_simulation ;
; EDA_OUTPUT_DATA_FORMAT               ; Verilog Hdl                    ; --                 ; --          ; eda_simulation ;
; EDA_SIMULATION_TOOL                  ; ModelSim (Verilog)             ; <None>             ; --          ; --             ;
; EDA_TEST_BENCH_ENABLE_STATUS         ; TEST_BENCH_MODE                ; --                 ; --          ; eda_simulation ;
; EDA_TEST_BENCH_FILE                  ; tests/MIPS_TB.v                ; --                 ; --          ; MIPS_TB        ;
; EDA_TEST_BENCH_MODULE_NAME           ; MIPS_TB                        ; --                 ; --          ; MIPS_TB        ;
; EDA_TEST_BENCH_NAME                  ; MIPS_TB                        ; --                 ; --          ; eda_simulation ;
; EDA_TIME_SCALE                       ; 1 ps                           ; --                 ; --          ; eda_simulation ;
; PROJECT_OUTPUT_DIRECTORY             ; output_files                   ; --                 ; --          ; --             ;
; TOP_LEVEL_ENTITY                     ; mips                           ; MipsImplementation ; --          ; --             ;
+--------------------------------------+--------------------------------+--------------------+-------------+----------------+


+--------------------------------------------------------------------------------------------------------------------------+
; Flow Elapsed Time                                                                                                        ;
+----------------------+--------------+-------------------------+---------------------+------------------------------------+
; Module Name          ; Elapsed Time ; Average Processors Used ; Peak Virtual Memory ; Total CPU Time (on all processors) ;
+----------------------+--------------+-------------------------+---------------------+------------------------------------+
; Analysis & Synthesis ; 00:00:11     ; 1.0                     ; 429 MB              ; 00:00:24                           ;
; Fitter               ; 00:00:01     ; 1.0                     ; 522 MB              ; 00:00:01                           ;
; Assembler            ; 00:00:00     ; 1.0                     ; 328 MB              ; 00:00:00                           ;
; Timing Analyzer      ; 00:00:01     ; 1.0                     ; 313 MB              ; 00:00:00                           ;
; EDA Netlist Writer   ; 00:00:00     ; 1.0                     ; 573 MB              ; 00:00:00                           ;
; Total                ; 00:00:13     ; --                      ; --                  ; 00:00:25                           ;
+----------------------+--------------+-------------------------+---------------------+------------------------------------+


+----------------------------------------------------------------------------------+
; Flow OS Summary                                                                  ;
+----------------------+------------------+----------+------------+----------------+
; Module Name          ; Machine Hostname ; OS Name  ; OS Version ; Processor type ;
+----------------------+------------------+----------+------------+----------------+
; Analysis & Synthesis ; IBM5100          ; Zorin OS ; 16         ; x86_64         ;
; Fitter               ; IBM5100          ; Zorin OS ; 16         ; x86_64         ;
; Assembler            ; IBM5100          ; Zorin OS ; 16         ; x86_64         ;
; Timing Analyzer      ; IBM5100          ; Zorin OS ; 16         ; x86_64         ;
; EDA Netlist Writer   ; IBM5100          ; Zorin OS ; 16         ; x86_64         ;
+----------------------+------------------+----------+------------+----------------+


------------
; Flow Log ;
------------
quartus_map --read_settings_files=on --write_settings_files=off MipsImplementation -c MipsImplementation
quartus_fit --read_settings_files=off --write_settings_files=off MipsImplementation -c MipsImplementation
quartus_asm --read_settings_files=off --write_settings_files=off MipsImplementation -c MipsImplementation
quartus_sta MipsImplementation -c MipsImplementation
quartus_eda --read_settings_files=off --write_settings_files=off MipsImplementation -c MipsImplementation



